2026-09-30T16:52:09Z 26.72 18.63 13.54
2026-09-30T16:53:09Z 24.50 19.47 14.15
2026-09-30T16:54:10Z 25.66 20.63 14.88
2026-09-30T16:55:10Z 29.39 22.65 15.94
2026-09-30T16:56:10Z 29.40 23.87 16.78
2026-09-30T16:57:10Z 36.03 26.60 18.15
2026-09-30T16:58:10Z 38.07 28.87 19.46
2026-09-30T16:59:10Z 37.85 30.67 20.68
2026-09-30T17:00:10Z 34.13 30.92 21.39
2026-09-30T17:01:10Z 31.71 30.84 21.97
2026-09-30T17:02:10Z 31.48 30.79 22.50
2026-09-30T17:03:10Z 31.11 30.82 23.03
2026-09-30T17:04:10Z 35.87 32.26 24.02
2026-09-30T17:05:10Z 38.57 33.74 25.05
2026-09-30T17:06:10Z 34.24 33.40 25.48
2026-09-30T17:07:11Z 31.79 32.87 25.79
2026-09-30T17:08:11Z 32.72 33.00 26.29
2026-09-30T17:09:11Z 30.66 32.43 26.52
2026-09-30T17:10:11Z 27.41 31.08 26.42
2026-09-30T17:11:11Z 26.23 29.95 26.31
2026-09-30T17:12:11Z 27.87 29.83 26.51
2026-09-30T17:13:11Z 27.29 29.33 26.55
2026-09-30T17:14:11Z 24.29 28.06 26.28
2026-09-30T17:15:11Z 18.72 25.92 25.66
2026-09-30T17:16:11Z 15.99 23.81 24.95
2026-09-30T17:17:11Z 16.85 22.62 24.46
2026-09-30T17:18:11Z 16.55 21.39 23.92
2026-09-30T17:19:11Z 22.30 22.00 23.96
2026-09-30T17:20:11Z 22.96 22.32 23.95
2026-09-30T17:21:11Z 23.39 22.56 23.93
2026-09-30T17:22:11Z 22.57 22.49 23.82
2026-09-30T17:23:11Z 17.45 21.15 23.28
2026-09-30T17:24:11Z 19.28 20.98 23.09
2026-09-30T17:25:11Z 20.07 21.01 22.97
2026-09-30T17:26:11Z 19.15 20.64 22.73
2026-09-30T17:27:11Z 16.56 19.58 22.23
2026-09-30T17:28:11Z 14.81 18.60 21.72
2026-09-30T17:29:11Z 15.57 18.16 21.38
2026-09-30T17:30:11Z 16.66 18.13 21.18
2026-09-30T17:31:11Z 13.41 16.96 20.58
2026-09-30T17:32:11Z 10.75 15.48 19.84
2026-09-30T17:33:11Z 14.41 15.55 19.58
2026-09-30T17:34:11Z 32.04 20.17 20.90
2026-09-30T17:35:11Z 39.36 24.52 22.36
2026-09-30T17:36:11Z 35.96 26.46 23.18
2026-09-30T17:37:11Z 34.30 27.49 23.72
2026-09-30T17:38:12Z 29.22 27.33 23.91
2026-09-30T17:39:12Z 22.46 25.93 23.65
2026-09-30T17:40:12Z 16.95 23.75 23.05
2026-09-30T17:41:12Z 16.48 22.25 22.56
2026-09-30T17:42:12Z 14.99 20.82 22.06
2026-09-30T17:43:12Z 19.34 20.80 21.96
2026-09-30T17:44:12Z 20.01 20.86 21.92
2026-09-30T17:45:12Z 26.44 22.63 22.46
2026-09-30T17:46:12Z 24.84 22.76 22.51
2026-09-30T17:47:12Z 27.08 23.64 22.82
2026-09-30T17:48:12Z 22.92 23.10 22.69
2026-09-30T17:49:12Z 19.78 22.12 22.38
2026-09-30T17:50:12Z 20.41 21.78 22.23
2026-09-30T17:51:12Z 19.22 21.19 22.00
2026-09-30T17:52:12Z 22.70 21.76 22.14
2026-09-30T17:53:12Z 23.51 22.10 22.24
2026-09-30T17:54:12Z 23.00 22.28 22.29
2026-09-30T17:55:12Z 21.16 21.73 22.09
2026-09-30T17:56:12Z 23.79 22.43 22.32
2026-09-30T17:57:12Z 21.24 21.88 22.13
2026-09-30T17:58:12Z 17.50 20.62 21.67
2026-09-30T17:59:12Z 16.16 19.56 21.23
2026-09-30T18:00:12Z 17.30 19.14 20.98
2026-09-30T18:01:12Z 19.20 19.38 20.95
2026-09-30T18:02:12Z 23.20 20.35 21.17
2026-09-30T18:03:12Z 18.61 19.50 20.82
2026-09-30T18:04:12Z 20.32 19.87 20.87
2026-09-30T18:05:12Z 19.59 19.90 20.83
2026-09-30T18:06:12Z 20.56 19.85 20.73
2026-09-30T18:07:13Z 24.80 21.22 21.15
2026-09-30T18:08:13Z 22.43 21.13 21.12
2026-09-30T18:09:13Z 23.06 21.57 21.28
2026-09-30T18:10:13Z 23.49 21.98 21.44
2026-09-30T18:11:13Z 22.08 21.85 21.42
2026-09-30T18:12:13Z 20.75 21.39 21.29
2026-09-30T18:13:13Z 20.68 21.33 21.28
2026-09-30T18:14:13Z 22.14 21.71 21.41
2026-09-30T18:15:13Z 23.82 22.19 21.59
2026-09-30T18:16:13Z 21.83 22.01 21.57
2026-09-30T18:17:13Z 18.18 21.02 21.27
2026-09-30T18:18:13Z 18.60 20.73 21.16
2026-09-30T18:19:13Z 14.08 19.07 20.56
2026-09-30T18:20:13Z 15.23 18.37 20.22
2026-09-30T18:21:13Z 24.15 20.51 20.85
2026-09-30T18:22:13Z 32.27 23.67 21.93
2026-09-30T18:23:13Z 32.14 25.19 22.57
2026-09-30T18:24:13Z 35.31 27.32 23.46
2026-09-30T18:25:13Z 34.40 28.52 24.12
2026-09-30T18:26:13Z 32.58 29.23 24.65
2026-09-30T18:27:13Z 31.64 29.58 25.06
2026-09-30T18:28:13Z 29.39 29.40 25.28
2026-09-30T18:29:13Z 25.70 28.34 25.18
2026-09-30T18:30:13Z 24.29 27.49 25.09
2026-09-30T18:31:14Z 23.42 26.60 24.93
2026-09-30T18:32:14Z 29.22 27.77 25.44
2026-09-30T18:33:14Z 35.21 29.67 26.23
2026-09-30T18:34:14Z 32.49 29.96 26.56
2026-09-30T18:35:14Z 30.41 30.02 26.80
2026-09-30T18:36:14Z 29.53 30.01 27.01
2026-09-30T18:37:14Z 28.40 29.85 27.16
2026-09-30T18:38:14Z 25.66 28.86 26.99
2026-09-30T18:39:14Z 30.91 29.73 27.40
2026-09-30T18:40:14Z 30.65 30.03 27.66
2026-09-30T18:41:14Z 30.45 30.05 27.81
2026-09-30T18:42:14Z 29.87 29.92 27.91
2026-09-30T18:43:14Z 25.70 28.91 27.70
2026-09-30T18:44:14Z 17.53 26.15 26.83
2026-09-30T18:45:14Z 15.88 24.12 26.09
2026-09-30T18:46:14Z 13.84 21.96 25.22
2026-09-30T18:47:14Z 18.93 22.07 25.06
2026-09-30T18:48:14Z 15.10 20.41 24.30
2026-09-30T18:49:14Z 17.06 19.85 23.85
2026-09-30T18:50:14Z 17.17 19.34 23.42
2026-09-30T18:51:14Z 17.29 19.05 23.07
2026-09-30T18:52:14Z 15.03 18.20 22.53
2026-09-30T18:53:14Z 14.24 17.30 21.94
2026-09-30T18:54:14Z 12.18 16.27 21.31
2026-09-30T18:55:14Z 17.01 16.77 21.15
2026-09-30T18:56:14Z 18.16 17.15 21.00
2026-09-30T18:57:14Z 17.31 17.06 20.73
2026-09-30T18:58:14Z 15.83 16.81 20.42
2026-09-30T18:59:14Z 14.71 16.41 20.06
2026-09-30T19:00:14Z 12.13 15.50 19.53
2026-09-30T19:01:14Z 13.33 15.28 19.20
2026-09-30T19:02:14Z 13.43 14.81 18.78
2026-09-30T19:03:14Z 19.08 16.08 18.96
2026-09-30T19:04:14Z 19.90 16.97 19.09
2026-09-30T19:05:15Z 17.17 16.81 18.91
2026-09-30T19:06:15Z 15.28 16.37 18.63
2026-09-30T19:07:15Z 13.82 15.78 18.28
2026-09-30T19:08:15Z 20.73 17.20 18.60
2026-09-30T19:09:15Z 35.77 22.20 20.24
2026-09-30T19:10:15Z 44.48 27.35 22.14
2026-09-30T19:11:15Z 42.10 30.08 23.43
2026-09-30T19:12:15Z 43.32 32.63 24.72
2026-09-30T19:13:15Z 39.27 33.32 25.45
2026-09-30T19:14:15Z 36.54 33.59 26.04
2026-09-30T19:15:15Z 34.75 33.59 26.51
2026-09-30T19:16:15Z 32.06 33.05 26.77
2026-09-30T19:17:15Z 31.51 32.77 27.07
2026-09-30T19:18:15Z 34.23 33.13 27.54
2026-09-30T19:19:15Z 34.18 33.22 27.92
2026-09-30T19:20:15Z 31.42 32.67 28.07
2026-09-30T19:21:15Z 33.76 33.20 28.55
2026-09-30T19:22:15Z 29.74 32.08 28.45
2026-09-30T19:23:15Z 25.36 30.41 28.10
2026-09-30T19:24:15Z 23.90 29.09 27.79
2026-09-30T19:25:15Z 22.11 27.61 27.36
2026-09-30T19:26:15Z 22.94 26.85 27.11
2026-09-30T19:27:15Z 23.43 26.27 26.89
2026-09-30T19:28:15Z 24.09 25.94 26.74
2026-09-30T19:29:16Z 24.22 25.67 26.60
